<html>
<body>
<pre>
<h1>礦ision Build Log</h1>
<h2>Project:</h2>
C:\Users\SKY\Desktop\秋招\MQQT\物联网参考demo-设备端单片机详细代码\最终单片机程序\stm32f103.uvprojx
Project File Date:  09/27/2024

<h2>Output:</h2>
Rebuild target 'STM32F103'
compiling core_cm3.c...
compiling stm32f10x_it.c...
compiling system_stm32f10x.c...
assembling startup_stm32f10x_md.s...
compiling misc.c...
compiling stm32f10x_gpio.c...
compiling stm32f10x_rcc.c...
compiling stm32f10x_usart.c...
compiling stm32f10x_exti.c...
compiling delay.c...
compiling usart.c...
compiling led.c...
compiling key.c...
compiling dht11.c...
hardware\src\dht11.c(18): warning:  #188-D: enumerated type mixed with another type
        DHT11_DQ_OUT(0);        //拉低DQ
hardware\src\dht11.c(20): warning:  #188-D: enumerated type mixed with another type
        DHT11_DQ_OUT(1);        //DQ=1 
hardware\src\dht11.c: 2 warnings, 0 errors
compiling main.c...
.\OLED\oled.h(65): warning:  #1295-D: Deprecated declaration Picture - give arg types
  void Picture();
.\OLED\oled.h(66): warning:  #1295-D: Deprecated declaration IIC_Start - give arg types
  void IIC_Start();
.\OLED\oled.h(67): warning:  #1295-D: Deprecated declaration IIC_Stop - give arg types
  void IIC_Stop();
.\OLED\oled.h(72): warning:  #1295-D: Deprecated declaration IIC_Wait_Ack - give arg types
  void IIC_Wait_Ack();
user\main.c(162): warning:  #223-D: function "sprintf" declared implicitly
        sprintf(buf, "%2d", temp);
user\main.c(163): warning:  #167-D: argument of type "char *" is incompatible with parameter of type "u8 *"
        OLED_ShowString(54,0,buf,16); //娓╁害鍊?                            ^
user\main.c(166): warning:  #167-D: argument of type "char *" is incompatible with parameter of type "u8 *"
        OLED_ShowString(54,3,buf,16); //婀垮害鍊?                            ^
user\main.c: 7 warnings, 0 errors
compiling onenet.c...
NET\onenet\src\onenet.c(547): warning:  #177-D: variable "data_ptr" was declared but never referenced
                                char *data_ptr = NULL;
NET\onenet\src\onenet.c(533): warning:  #177-D: variable "dataPtr" was declared but never referenced
        char *dataPtr = NULL;
NET\onenet\src\onenet.c(534): warning:  #177-D: variable "numBuf" was declared but never referenced
        char numBuf[10];
NET\onenet\src\onenet.c(535): warning:  #177-D: variable "num" was declared but never referenced
        int num = 0;
NET\onenet\src\onenet.c: 4 warnings, 0 errors
compiling hmac_sha1.c...
compiling base64.c...
compiling MqttKit.c...
compiling esp8266.c...
NET\device\src\esp8266.c(220): warning:  #223-D: function "OLED_Clear" declared implicitly
        OLED_Clear(); OLED_ShowString(0,0,"1.AT...",8);
NET\device\src\esp8266.c(220): warning:  #223-D: function "OLED_ShowString" declared implicitly
        OLED_Clear(); OLED_ShowString(0,0,"1.AT...",8);
NET\device\src\esp8266.c: 2 warnings, 0 errors
compiling cJSON.c...
NET\CJSON\cJSON.c(55): warning:  #1293-D: assignment in condition
        if (!(copy = (char*)cJSON_malloc(len))) return 0;
NET\CJSON\cJSON.c(278): warning:  #1293-D: assignment in condition
        ptr=str;while ((token=*ptr) && ++len) {if (strchr("\"\\\b\f\n\r\t",token)) len++; else if (token<32) len+=5;ptr++;}
NET\CJSON\cJSON.c(352): warning:  #111-D: statement is unreachable
        return p.buffer;
NET\CJSON\cJSON.c(423): warning:  #1293-D: assignment in condition
                if (!(new_item=cJSON_New_Item())) return 0;     /* memory fail */
NET\CJSON\cJSON.c(535): warning:  #1293-D: assignment in condition
                if (!(new_item=cJSON_New_Item()))       return 0; /* memory fail */
NET\CJSON\cJSON.c: 5 warnings, 0 errors
compiling oled.c...
OLED\oled.h(65): warning:  #1295-D: Deprecated declaration Picture - give arg types
  void Picture();
OLED\oled.h(66): warning:  #1295-D: Deprecated declaration IIC_Start - give arg types
  void IIC_Start();
OLED\oled.h(67): warning:  #1295-D: Deprecated declaration IIC_Stop - give arg types
  void IIC_Stop();
OLED\oled.h(72): warning:  #1295-D: Deprecated declaration IIC_Wait_Ack - give arg types
  void IIC_Wait_Ack();
OLED\oled.c: 4 warnings, 0 errors
linking...
Program Size: Code=39074 RO-data=3490 RW-data=708 ZI-data=3236  
FromELF: creating hex file...
".\output\stm32f103.axf" - 0 Error(s), 24 Warning(s).

<h2>Software Packages used:</h2>

Package Vendor: ARM
                http://www.keil.com/pack/ARM.CMSIS.4.1.0.pack
                ARM::CMSIS:CORE:3.30.0
                CMSIS (Cortex Microcontroller Software Interface Standard)
   * Component: CORE Version: 3.30.0

<h2>Collection of Component include folders:</h2>
  C:\Users\SKY\Desktop\秋招\MQQT\物联网参考demo-设备端单片机详细代码\最终单片机程序\RTE
  C:\Keil_v5\ARM\PACK\ARM\CMSIS\4.1.0\CMSIS\Include
  C:\Keil_v5\ARM\PACK\Keil\STM32F1xx_DFP\1.1.0\Device\Include

<h2>Collection of Component Files used:</h2>

   * Component: ARM::CMSIS:CORE:3.30.0
      Source file:   CMSIS\UserCodeTemplates\ARM\ITM_Retarget.c
</pre>
</body>
</html>
